// Jest Snapshot v1, https://goo.gl/fbAQLP

exports[`Contacts component renders Contacts component 1`] = `
Object {
  "asFragment": [Function],
  "baseElement": <body>
    <div>
      <div
        class="contacts"
      >
        <div
          class="contacts__mapWrap"
        >
          <iframe
            class="contacts__map"
            data-testid="map-iframe"
            ferrerpolicy="no-referrer-when-downgrade"
            frameborder="0"
            loading="lazy"
            src="https://www.google.com/maps/embed?pb=!1m18!1m12!1m3!1d2563.803122326351!2d36.21800665182715!3d50.015045226420746!2m3!1f0!2f0!3f0!3m2!1i1024!2i768!4f13.1!3m3!1m2!1s0x4127a1234e73cbdb%3A0xcdfc0bda6e6ba6bc!2z0YPQuy4g0JrQvtGB0LzQuNGH0LXRgdC60LDRjywgMjEsINCl0LDRgNGM0LrQvtCyLCDQpdCw0YDRjNC60L7QstGB0LrQsNGPINC-0LHQu9Cw0YHRgtGMLCA2MTAwMA!5e0!3m2!1sru!2sua!4v1677322704623!5m2!1sru!2sua"
          />
        </div>
        <div
          class="contacts__list"
        >
          <div
            class="contacts__item"
          >
            <p
              class="contacts__itemTitle"
            >
              Графік роботи:
            </p>
            <p
              class="contacts__itemDesc"
            >
              Пн-Пт - 09:00-16:00
            </p>
          </div>
          <div
            class="contacts__item"
          >
            <p
              class="contacts__itemTitle"
            >
              Контактні телефони:
            </p>
            <p
              class="contacts__itemDesc"
            >
              +380 (63)-049-40-02
            </p>
            <p
              class="contacts__itemDesc"
            >
              +380 (67)-159-73-73
            </p>
          </div>
          <div
            class="contacts__item"
          >
            <p
              class="contacts__itemTitle"
            >
              Адреса:
            </p>
            <p
              class="contacts__itemDesc"
            >
              м. Харків, вул.Космічна, буд. 21, оф. 529
            </p>
          </div>
        </div>
      </div>
    </div>
  </body>,
  "container": <div>
    <div
      class="contacts"
    >
      <div
        class="contacts__mapWrap"
      >
        <iframe
          class="contacts__map"
          data-testid="map-iframe"
          ferrerpolicy="no-referrer-when-downgrade"
          frameborder="0"
          loading="lazy"
          src="https://www.google.com/maps/embed?pb=!1m18!1m12!1m3!1d2563.803122326351!2d36.21800665182715!3d50.015045226420746!2m3!1f0!2f0!3f0!3m2!1i1024!2i768!4f13.1!3m3!1m2!1s0x4127a1234e73cbdb%3A0xcdfc0bda6e6ba6bc!2z0YPQuy4g0JrQvtGB0LzQuNGH0LXRgdC60LDRjywgMjEsINCl0LDRgNGM0LrQvtCyLCDQpdCw0YDRjNC60L7QstGB0LrQsNGPINC-0LHQu9Cw0YHRgtGMLCA2MTAwMA!5e0!3m2!1sru!2sua!4v1677322704623!5m2!1sru!2sua"
        />
      </div>
      <div
        class="contacts__list"
      >
        <div
          class="contacts__item"
        >
          <p
            class="contacts__itemTitle"
          >
            Графік роботи:
          </p>
          <p
            class="contacts__itemDesc"
          >
            Пн-Пт - 09:00-16:00
          </p>
        </div>
        <div
          class="contacts__item"
        >
          <p
            class="contacts__itemTitle"
          >
            Контактні телефони:
          </p>
          <p
            class="contacts__itemDesc"
          >
            +380 (63)-049-40-02
          </p>
          <p
            class="contacts__itemDesc"
          >
            +380 (67)-159-73-73
          </p>
        </div>
        <div
          class="contacts__item"
        >
          <p
            class="contacts__itemTitle"
          >
            Адреса:
          </p>
          <p
            class="contacts__itemDesc"
          >
            м. Харків, вул.Космічна, буд. 21, оф. 529
          </p>
        </div>
      </div>
    </div>
  </div>,
  "debug": [Function],
  "findAllByAltText": [Function],
  "findAllByDisplayValue": [Function],
  "findAllByLabelText": [Function],
  "findAllByPlaceholderText": [Function],
  "findAllByRole": [Function],
  "findAllByTestId": [Function],
  "findAllByText": [Function],
  "findAllByTitle": [Function],
  "findByAltText": [Function],
  "findByDisplayValue": [Function],
  "findByLabelText": [Function],
  "findByPlaceholderText": [Function],
  "findByRole": [Function],
  "findByTestId": [Function],
  "findByText": [Function],
  "findByTitle": [Function],
  "getAllByAltText": [Function],
  "getAllByDisplayValue": [Function],
  "getAllByLabelText": [Function],
  "getAllByPlaceholderText": [Function],
  "getAllByRole": [Function],
  "getAllByTestId": [Function],
  "getAllByText": [Function],
  "getAllByTitle": [Function],
  "getByAltText": [Function],
  "getByDisplayValue": [Function],
  "getByLabelText": [Function],
  "getByPlaceholderText": [Function],
  "getByRole": [Function],
  "getByTestId": [Function],
  "getByText": [Function],
  "getByTitle": [Function],
  "queryAllByAltText": [Function],
  "queryAllByDisplayValue": [Function],
  "queryAllByLabelText": [Function],
  "queryAllByPlaceholderText": [Function],
  "queryAllByRole": [Function],
  "queryAllByTestId": [Function],
  "queryAllByText": [Function],
  "queryAllByTitle": [Function],
  "queryByAltText": [Function],
  "queryByDisplayValue": [Function],
  "queryByLabelText": [Function],
  "queryByPlaceholderText": [Function],
  "queryByRole": [Function],
  "queryByTestId": [Function],
  "queryByText": [Function],
  "queryByTitle": [Function],
  "rerender": [Function],
  "unmount": [Function],
}
`;
