// Jest Snapshot v1, https://goo.gl/fbAQLP

exports[`UserConditions renders UserConditions component 1`] = `
Object {
  "asFragment": [Function],
  "baseElement": <body>
    <div>
      <div
        class="userCondition"
      >
        <h3
          class="userCondition__decor"
        >
          Угода
        </h3>
        <p
          class="userCondition__desc"
        >
          Я («Користувач») погоджуюсь з умовами цієї Угоди користувача і, використовуючи сайт: ukrhumbat.com.ua (надалі – «Сайт»), у разі направлення заявки на отримання допомоги, надаю згоду на обробку і захист своїх персональних даних, як Користувача, в обсязі, порядку, відповідно до мети обробки.
        </p>
        <h2
          class="userCondition__title"
        >
          Персональні дані
        </h2>
        <p
          class="userCondition__desc"
        >
          На виконання вимог Закону України "Про захист персональних даних" шляхом заповнення заявки на отримання допомоги даю згоду на обробку вказаних у заявці моїх персональних даних.
        </p>
      </div>
    </div>
  </body>,
  "container": <div>
    <div
      class="userCondition"
    >
      <h3
        class="userCondition__decor"
      >
        Угода
      </h3>
      <p
        class="userCondition__desc"
      >
        Я («Користувач») погоджуюсь з умовами цієї Угоди користувача і, використовуючи сайт: ukrhumbat.com.ua (надалі – «Сайт»), у разі направлення заявки на отримання допомоги, надаю згоду на обробку і захист своїх персональних даних, як Користувача, в обсязі, порядку, відповідно до мети обробки.
      </p>
      <h2
        class="userCondition__title"
      >
        Персональні дані
      </h2>
      <p
        class="userCondition__desc"
      >
        На виконання вимог Закону України "Про захист персональних даних" шляхом заповнення заявки на отримання допомоги даю згоду на обробку вказаних у заявці моїх персональних даних.
      </p>
    </div>
  </div>,
  "debug": [Function],
  "findAllByAltText": [Function],
  "findAllByDisplayValue": [Function],
  "findAllByLabelText": [Function],
  "findAllByPlaceholderText": [Function],
  "findAllByRole": [Function],
  "findAllByTestId": [Function],
  "findAllByText": [Function],
  "findAllByTitle": [Function],
  "findByAltText": [Function],
  "findByDisplayValue": [Function],
  "findByLabelText": [Function],
  "findByPlaceholderText": [Function],
  "findByRole": [Function],
  "findByTestId": [Function],
  "findByText": [Function],
  "findByTitle": [Function],
  "getAllByAltText": [Function],
  "getAllByDisplayValue": [Function],
  "getAllByLabelText": [Function],
  "getAllByPlaceholderText": [Function],
  "getAllByRole": [Function],
  "getAllByTestId": [Function],
  "getAllByText": [Function],
  "getAllByTitle": [Function],
  "getByAltText": [Function],
  "getByDisplayValue": [Function],
  "getByLabelText": [Function],
  "getByPlaceholderText": [Function],
  "getByRole": [Function],
  "getByTestId": [Function],
  "getByText": [Function],
  "getByTitle": [Function],
  "queryAllByAltText": [Function],
  "queryAllByDisplayValue": [Function],
  "queryAllByLabelText": [Function],
  "queryAllByPlaceholderText": [Function],
  "queryAllByRole": [Function],
  "queryAllByTestId": [Function],
  "queryAllByText": [Function],
  "queryAllByTitle": [Function],
  "queryByAltText": [Function],
  "queryByDisplayValue": [Function],
  "queryByLabelText": [Function],
  "queryByPlaceholderText": [Function],
  "queryByRole": [Function],
  "queryByTestId": [Function],
  "queryByText": [Function],
  "queryByTitle": [Function],
  "rerender": [Function],
  "unmount": [Function],
}
`;
