// Jest Snapshot v1, https://goo.gl/fbAQLP

exports[`GetHelp\` component renders GetHelp component 1`] = `
Object {
  "asFragment": [Function],
  "baseElement": <body>
    <div>
      <section
        class="getHelp"
      >
        <div
          class="getHelp__contentWrap"
        >
          <div
            class="getHelp__imgWrap"
          >
            <img
              alt="get-help.jpg"
              class="getHelp__img"
              src="/img/get-help.jpg"
            />
          </div>
          <div
            class="getHelp__textWrap"
          >
            <h2
              class="getHelp__title"
            >
              Хто може отримати допомогу від нашого фонду?
            </h2>
            <ul
              class="getHelp__descList"
            >
              <li
                class="getHelp__desc"
              >
                Військовослужбовці;
              </li>
              <li
                class="getHelp__desc"
              >
                Члени сімей військовослужбовців;
              </li>
              <li
                class="getHelp__desc"
              >
                Цивільні, які опинилися в скрутному становищі через військові дії;
              </li>
            </ul>
            <h2
              class="getHelp__title"
            >
              Чим може допомогти наш фонд?
            </h2>
            <ul
              class="getHelp__descList"
            >
              <li
                class="getHelp__desc"
              >
                Медицини та здоров'я - медикаменти та все, що пов'язано зі здоров'ям та рятуванням наших захисників;
              </li>
              <li
                class="getHelp__desc"
              >
                Транспорт і засоби переміщення - авто для Сил оборони, включаючи ремонт та обслуговування ;
              </li>
              <li
                class="getHelp__desc"
              >
                Засоби розвідки - тепловізори, дрони, приціли і інші необхідні речі;
              </li>
              <li
                class="getHelp__desc"
              >
                "мокра" печатка;
              </li>
              <li
                class="getHelp__desc"
              >
                Загальна підтримка необхідним - продовольча підтримка, предмети одягу, засоби гігієни;
              </li>
              <li
                class="getHelp__desc"
              >
                Юридична підтримка;
              </li>
            </ul>
            <h2
              class="getHelp__title"
            >
              Як отримати допомогу від нашого фонду?
            </h2>
            <p
              class="getHelp__desc"
            >
              Для того щоб записатись на отримання допомоги, та не вистоювати у чергах, потрібно заповнити реєстраційну форму. Вона автоматично реєструє заявку, та надсилає вам на пошту підтвердження реєстрації.
               
            </p>
          </div>
        </div>
      </section>
    </div>
  </body>,
  "container": <div>
    <section
      class="getHelp"
    >
      <div
        class="getHelp__contentWrap"
      >
        <div
          class="getHelp__imgWrap"
        >
          <img
            alt="get-help.jpg"
            class="getHelp__img"
            src="/img/get-help.jpg"
          />
        </div>
        <div
          class="getHelp__textWrap"
        >
          <h2
            class="getHelp__title"
          >
            Хто може отримати допомогу від нашого фонду?
          </h2>
          <ul
            class="getHelp__descList"
          >
            <li
              class="getHelp__desc"
            >
              Військовослужбовці;
            </li>
            <li
              class="getHelp__desc"
            >
              Члени сімей військовослужбовців;
            </li>
            <li
              class="getHelp__desc"
            >
              Цивільні, які опинилися в скрутному становищі через військові дії;
            </li>
          </ul>
          <h2
            class="getHelp__title"
          >
            Чим може допомогти наш фонд?
          </h2>
          <ul
            class="getHelp__descList"
          >
            <li
              class="getHelp__desc"
            >
              Медицини та здоров'я - медикаменти та все, що пов'язано зі здоров'ям та рятуванням наших захисників;
            </li>
            <li
              class="getHelp__desc"
            >
              Транспорт і засоби переміщення - авто для Сил оборони, включаючи ремонт та обслуговування ;
            </li>
            <li
              class="getHelp__desc"
            >
              Засоби розвідки - тепловізори, дрони, приціли і інші необхідні речі;
            </li>
            <li
              class="getHelp__desc"
            >
              "мокра" печатка;
            </li>
            <li
              class="getHelp__desc"
            >
              Загальна підтримка необхідним - продовольча підтримка, предмети одягу, засоби гігієни;
            </li>
            <li
              class="getHelp__desc"
            >
              Юридична підтримка;
            </li>
          </ul>
          <h2
            class="getHelp__title"
          >
            Як отримати допомогу від нашого фонду?
          </h2>
          <p
            class="getHelp__desc"
          >
            Для того щоб записатись на отримання допомоги, та не вистоювати у чергах, потрібно заповнити реєстраційну форму. Вона автоматично реєструє заявку, та надсилає вам на пошту підтвердження реєстрації.
             
          </p>
        </div>
      </div>
    </section>
  </div>,
  "debug": [Function],
  "findAllByAltText": [Function],
  "findAllByDisplayValue": [Function],
  "findAllByLabelText": [Function],
  "findAllByPlaceholderText": [Function],
  "findAllByRole": [Function],
  "findAllByTestId": [Function],
  "findAllByText": [Function],
  "findAllByTitle": [Function],
  "findByAltText": [Function],
  "findByDisplayValue": [Function],
  "findByLabelText": [Function],
  "findByPlaceholderText": [Function],
  "findByRole": [Function],
  "findByTestId": [Function],
  "findByText": [Function],
  "findByTitle": [Function],
  "getAllByAltText": [Function],
  "getAllByDisplayValue": [Function],
  "getAllByLabelText": [Function],
  "getAllByPlaceholderText": [Function],
  "getAllByRole": [Function],
  "getAllByTestId": [Function],
  "getAllByText": [Function],
  "getAllByTitle": [Function],
  "getByAltText": [Function],
  "getByDisplayValue": [Function],
  "getByLabelText": [Function],
  "getByPlaceholderText": [Function],
  "getByRole": [Function],
  "getByTestId": [Function],
  "getByText": [Function],
  "getByTitle": [Function],
  "queryAllByAltText": [Function],
  "queryAllByDisplayValue": [Function],
  "queryAllByLabelText": [Function],
  "queryAllByPlaceholderText": [Function],
  "queryAllByRole": [Function],
  "queryAllByTestId": [Function],
  "queryAllByText": [Function],
  "queryAllByTitle": [Function],
  "queryByAltText": [Function],
  "queryByDisplayValue": [Function],
  "queryByLabelText": [Function],
  "queryByPlaceholderText": [Function],
  "queryByRole": [Function],
  "queryByTestId": [Function],
  "queryByText": [Function],
  "queryByTitle": [Function],
  "rerender": [Function],
  "unmount": [Function],
}
`;
