// Jest Snapshot v1, https://goo.gl/fbAQLP

exports[`AboutUs renders AboutUs component 1`] = `
Object {
  "asFragment": [Function],
  "baseElement": <body>
    <div>
      <section
        class="aboutUs"
      >
        <div
          class="aboutUs__contentWrap"
        >
          <div
            class="aboutUs__imgWrap"
          >
            <img
              alt="aboutUs.jpg"
              class="aboutUs__img"
              src="/img/aboutUs.jpg"
            />
          </div>
          <div
            class="aboutUs__textWrap"
          >
            <h2
              class="titleMain"
            >
              UkrHumBat - команда людей, які діють
            </h2>
            <p
              class="aboutUs__desc"
            >
              Саме зараз час і місце, коли кожен громадянин своєї країни має стати на її захист і своїми справами: кожен на власному фронті має робити все для Перемоги. Тому дуже важливо, щоб і на передовій, і в тилу, проявлялася позиція громадянина, реалізовувалося глибоке розуміння громадянського обов'язку.
            </p>
            <h3
              class="aboutUs__title"
            >
              Разом до перемоги
            </h3>
            <p
              class="aboutUs__desc"
            >
              Таке єднання фронту і тилу, що забезпечує служіння єдиній справі - загальній Перемозі українського народу над російськими загарбниками, забезпечують сьогодні волонтери нашого фонду.
            </p>
          </div>
        </div>
      </section>
    </div>
  </body>,
  "container": <div>
    <section
      class="aboutUs"
    >
      <div
        class="aboutUs__contentWrap"
      >
        <div
          class="aboutUs__imgWrap"
        >
          <img
            alt="aboutUs.jpg"
            class="aboutUs__img"
            src="/img/aboutUs.jpg"
          />
        </div>
        <div
          class="aboutUs__textWrap"
        >
          <h2
            class="titleMain"
          >
            UkrHumBat - команда людей, які діють
          </h2>
          <p
            class="aboutUs__desc"
          >
            Саме зараз час і місце, коли кожен громадянин своєї країни має стати на її захист і своїми справами: кожен на власному фронті має робити все для Перемоги. Тому дуже важливо, щоб і на передовій, і в тилу, проявлялася позиція громадянина, реалізовувалося глибоке розуміння громадянського обов'язку.
          </p>
          <h3
            class="aboutUs__title"
          >
            Разом до перемоги
          </h3>
          <p
            class="aboutUs__desc"
          >
            Таке єднання фронту і тилу, що забезпечує служіння єдиній справі - загальній Перемозі українського народу над російськими загарбниками, забезпечують сьогодні волонтери нашого фонду.
          </p>
        </div>
      </div>
    </section>
  </div>,
  "debug": [Function],
  "findAllByAltText": [Function],
  "findAllByDisplayValue": [Function],
  "findAllByLabelText": [Function],
  "findAllByPlaceholderText": [Function],
  "findAllByRole": [Function],
  "findAllByTestId": [Function],
  "findAllByText": [Function],
  "findAllByTitle": [Function],
  "findByAltText": [Function],
  "findByDisplayValue": [Function],
  "findByLabelText": [Function],
  "findByPlaceholderText": [Function],
  "findByRole": [Function],
  "findByTestId": [Function],
  "findByText": [Function],
  "findByTitle": [Function],
  "getAllByAltText": [Function],
  "getAllByDisplayValue": [Function],
  "getAllByLabelText": [Function],
  "getAllByPlaceholderText": [Function],
  "getAllByRole": [Function],
  "getAllByTestId": [Function],
  "getAllByText": [Function],
  "getAllByTitle": [Function],
  "getByAltText": [Function],
  "getByDisplayValue": [Function],
  "getByLabelText": [Function],
  "getByPlaceholderText": [Function],
  "getByRole": [Function],
  "getByTestId": [Function],
  "getByText": [Function],
  "getByTitle": [Function],
  "queryAllByAltText": [Function],
  "queryAllByDisplayValue": [Function],
  "queryAllByLabelText": [Function],
  "queryAllByPlaceholderText": [Function],
  "queryAllByRole": [Function],
  "queryAllByTestId": [Function],
  "queryAllByText": [Function],
  "queryAllByTitle": [Function],
  "queryByAltText": [Function],
  "queryByDisplayValue": [Function],
  "queryByLabelText": [Function],
  "queryByPlaceholderText": [Function],
  "queryByRole": [Function],
  "queryByTestId": [Function],
  "queryByText": [Function],
  "queryByTitle": [Function],
  "rerender": [Function],
  "unmount": [Function],
}
`;
