// Jest Snapshot v1, https://goo.gl/fbAQLP

exports[`Donate component renders Donate component 1`] = `
Object {
  "asFragment": [Function],
  "baseElement": <body>
    <div>
      <div
        class="donate"
      >
        <div
          class="donate__header"
        >
          <p
            class="donate__headerTitle donate__headerTitle_first"
          >
            підтримай україну
          </p>
          <p
            class="donate__headerTitle donate__headerTitle_second"
          >
            підтримай україну
          </p>
          <p
            class="donate__headerTitle donate__headerTitle_third"
          >
            підтримай україну
          </p>
        </div>
        <div
          class="donate__main"
        >
          <h2
            class="donate__mainTitle"
          >
            Маленькі кроки ведуть нас до великої ПЕРЕМОГИ!
          </h2>
          <p
            class="donate__mainDesc"
          >
            Кожна гривня для нас дуже важлива, тому зробити свій внесок ви можете саме зараз
          </p>
          <a
            href="/donate"
          >
            <button
              class="btn"
              type="button"
            >
              задонатити
            </button>
          </a>
        </div>
      </div>
    </div>
  </body>,
  "container": <div>
    <div
      class="donate"
    >
      <div
        class="donate__header"
      >
        <p
          class="donate__headerTitle donate__headerTitle_first"
        >
          підтримай україну
        </p>
        <p
          class="donate__headerTitle donate__headerTitle_second"
        >
          підтримай україну
        </p>
        <p
          class="donate__headerTitle donate__headerTitle_third"
        >
          підтримай україну
        </p>
      </div>
      <div
        class="donate__main"
      >
        <h2
          class="donate__mainTitle"
        >
          Маленькі кроки ведуть нас до великої ПЕРЕМОГИ!
        </h2>
        <p
          class="donate__mainDesc"
        >
          Кожна гривня для нас дуже важлива, тому зробити свій внесок ви можете саме зараз
        </p>
        <a
          href="/donate"
        >
          <button
            class="btn"
            type="button"
          >
            задонатити
          </button>
        </a>
      </div>
    </div>
  </div>,
  "debug": [Function],
  "findAllByAltText": [Function],
  "findAllByDisplayValue": [Function],
  "findAllByLabelText": [Function],
  "findAllByPlaceholderText": [Function],
  "findAllByRole": [Function],
  "findAllByTestId": [Function],
  "findAllByText": [Function],
  "findAllByTitle": [Function],
  "findByAltText": [Function],
  "findByDisplayValue": [Function],
  "findByLabelText": [Function],
  "findByPlaceholderText": [Function],
  "findByRole": [Function],
  "findByTestId": [Function],
  "findByText": [Function],
  "findByTitle": [Function],
  "getAllByAltText": [Function],
  "getAllByDisplayValue": [Function],
  "getAllByLabelText": [Function],
  "getAllByPlaceholderText": [Function],
  "getAllByRole": [Function],
  "getAllByTestId": [Function],
  "getAllByText": [Function],
  "getAllByTitle": [Function],
  "getByAltText": [Function],
  "getByDisplayValue": [Function],
  "getByLabelText": [Function],
  "getByPlaceholderText": [Function],
  "getByRole": [Function],
  "getByTestId": [Function],
  "getByText": [Function],
  "getByTitle": [Function],
  "queryAllByAltText": [Function],
  "queryAllByDisplayValue": [Function],
  "queryAllByLabelText": [Function],
  "queryAllByPlaceholderText": [Function],
  "queryAllByRole": [Function],
  "queryAllByTestId": [Function],
  "queryAllByText": [Function],
  "queryAllByTitle": [Function],
  "queryByAltText": [Function],
  "queryByDisplayValue": [Function],
  "queryByLabelText": [Function],
  "queryByPlaceholderText": [Function],
  "queryByRole": [Function],
  "queryByTestId": [Function],
  "queryByText": [Function],
  "queryByTitle": [Function],
  "rerender": [Function],
  "unmount": [Function],
}
`;
