// Jest Snapshot v1, https://goo.gl/fbAQLP

exports[`Footer component renders Footer component 1`] = `
Object {
  "asFragment": [Function],
  "baseElement": <body>
    <div>
      <footer
        class="footer"
      >
        <img
          alt="logo-second.png"
          class="footer__img"
          src="/img/logo-second.png"
        />
        <div
          class="footer__wrap"
        >
          <div
            class="footer__inner"
          >
            <nav
              class="menu"
            >
              <div
                class="menu__wrap"
              >
                <h2
                  class="menu__title"
                >
                  про фонд
                </h2>
                <ul
                  class="menu__list"
                />
              </div>
            </nav>
            <div
              class="contacts"
            >
              <div
                class="contacts__wrap"
              >
                <h2
                  class="contacts__title"
                >
                  контакти
                </h2>
                <div
                  class="contacts__phoneBox"
                >
                  <img
                    alt="icon-phone.svg"
                    class="contacts__img"
                    src="/img/icon-phone.svg"
                  />
                  <a
                    class="contacts__link"
                    href="tel:+380630494002"
                  >
                    +380 (63)-049-40-02
                  </a>
                  <a
                    class="contacts__link"
                    href="tel:+380671597373"
                  >
                    +380 (67)-159-73-73
                  </a>
                </div>
                <div
                  class="contacts__adressBox"
                >
                  <img
                    alt="icon-adress.svg"
                    class="contacts__img"
                    src="/img/icon-adress.svg"
                  />
                  <a
                    class="contacts__link"
                    href="https://goo.gl/maps/uXTuc6J6nSarrwsW7"
                    target="blank"
                  >
                    <address
                      class="contacts__desc"
                    >
                      м. Харків, вул.Космічна, буд. 21, оф. 529
                    </address>
                  </a>
                </div>
              </div>
            </div>
            <div
              class="social"
            >
              <div
                class="social__wrap"
              >
                <h2
                  class="social__title"
                >
                  соціальні мережі
                </h2>
                <a
                  class="social__wrapLink"
                  href="https://www.instagram.com/ukrhumbat/?igshid=YmMyMTA2M2Y="
                  target="blank"
                >
                  <img
                    alt="icon-instagram.svg"
                    class="social__img"
                    src="/img/icon-instagram.svg"
                  />
                  <p
                    class="social__desc"
                  >
                    instagram
                  </p>
                </a>
                <a
                  class="social__wrapLink"
                  href="https://www.facebook.com/people/%D0%9C%D0%91%D0%A4-%D0%A3%D0%BA%D1%80%D0%B0%D1%97%D0%BD%D1%81%D1%8C%D0%BA%D0%B8%D0%B9-%D0%B3%D1%83%D0%BC%D0%B0%D0%BD%D1%96%D1%82%D0%B0%D1%80%D0%BD%D0%B8%D0%B9-%D0%B1%D0%B0%D1%82%D0%B0%D0%BB%D1%8C%D0%BE%D0%BD/100085936770532/"
                  target="blank"
                >
                  <img
                    alt="icon-facebook.svg"
                    class="social__img"
                    src="/img/icon-facebook.svg"
                  />
                  <p
                    class="social__desc"
                  >
                    facebook
                  </p>
                </a>
              </div>
            </div>
            <div
              class="footer__descBox"
            >
              <p
                class="footer__desc"
              >
                Україна – це вічність, не тільки сьогоднішня, але передусім майбутня й минула. Самостійну державу може здобути собі український народ тільки власною боротьбою і трудом. Не дивіться на Україну, як на землю своїх батьків. Дивіться на неї, як на землю своїх дітей
              </p>
              <div
                class="footer__btnBox"
              >
                <a
                  href="/donate"
                >
                  <button
                    class="btn-secondary"
                    type="button"
                  >
                    задонатити
                  </button>
                </a>
              </div>
            </div>
          </div>
          <div
            class="footer__copyright"
          >
            ©‌ Міжнародний благодійний фонд “Український гуманітарний батальйон”, 2022-2023
          </div>
        </div>
      </footer>
    </div>
  </body>,
  "container": <div>
    <footer
      class="footer"
    >
      <img
        alt="logo-second.png"
        class="footer__img"
        src="/img/logo-second.png"
      />
      <div
        class="footer__wrap"
      >
        <div
          class="footer__inner"
        >
          <nav
            class="menu"
          >
            <div
              class="menu__wrap"
            >
              <h2
                class="menu__title"
              >
                про фонд
              </h2>
              <ul
                class="menu__list"
              />
            </div>
          </nav>
          <div
            class="contacts"
          >
            <div
              class="contacts__wrap"
            >
              <h2
                class="contacts__title"
              >
                контакти
              </h2>
              <div
                class="contacts__phoneBox"
              >
                <img
                  alt="icon-phone.svg"
                  class="contacts__img"
                  src="/img/icon-phone.svg"
                />
                <a
                  class="contacts__link"
                  href="tel:+380630494002"
                >
                  +380 (63)-049-40-02
                </a>
                <a
                  class="contacts__link"
                  href="tel:+380671597373"
                >
                  +380 (67)-159-73-73
                </a>
              </div>
              <div
                class="contacts__adressBox"
              >
                <img
                  alt="icon-adress.svg"
                  class="contacts__img"
                  src="/img/icon-adress.svg"
                />
                <a
                  class="contacts__link"
                  href="https://goo.gl/maps/uXTuc6J6nSarrwsW7"
                  target="blank"
                >
                  <address
                    class="contacts__desc"
                  >
                    м. Харків, вул.Космічна, буд. 21, оф. 529
                  </address>
                </a>
              </div>
            </div>
          </div>
          <div
            class="social"
          >
            <div
              class="social__wrap"
            >
              <h2
                class="social__title"
              >
                соціальні мережі
              </h2>
              <a
                class="social__wrapLink"
                href="https://www.instagram.com/ukrhumbat/?igshid=YmMyMTA2M2Y="
                target="blank"
              >
                <img
                  alt="icon-instagram.svg"
                  class="social__img"
                  src="/img/icon-instagram.svg"
                />
                <p
                  class="social__desc"
                >
                  instagram
                </p>
              </a>
              <a
                class="social__wrapLink"
                href="https://www.facebook.com/people/%D0%9C%D0%91%D0%A4-%D0%A3%D0%BA%D1%80%D0%B0%D1%97%D0%BD%D1%81%D1%8C%D0%BA%D0%B8%D0%B9-%D0%B3%D1%83%D0%BC%D0%B0%D0%BD%D1%96%D1%82%D0%B0%D1%80%D0%BD%D0%B8%D0%B9-%D0%B1%D0%B0%D1%82%D0%B0%D0%BB%D1%8C%D0%BE%D0%BD/100085936770532/"
                target="blank"
              >
                <img
                  alt="icon-facebook.svg"
                  class="social__img"
                  src="/img/icon-facebook.svg"
                />
                <p
                  class="social__desc"
                >
                  facebook
                </p>
              </a>
            </div>
          </div>
          <div
            class="footer__descBox"
          >
            <p
              class="footer__desc"
            >
              Україна – це вічність, не тільки сьогоднішня, але передусім майбутня й минула. Самостійну державу може здобути собі український народ тільки власною боротьбою і трудом. Не дивіться на Україну, як на землю своїх батьків. Дивіться на неї, як на землю своїх дітей
            </p>
            <div
              class="footer__btnBox"
            >
              <a
                href="/donate"
              >
                <button
                  class="btn-secondary"
                  type="button"
                >
                  задонатити
                </button>
              </a>
            </div>
          </div>
        </div>
        <div
          class="footer__copyright"
        >
          ©‌ Міжнародний благодійний фонд “Український гуманітарний батальйон”, 2022-2023
        </div>
      </div>
    </footer>
  </div>,
  "debug": [Function],
  "findAllByAltText": [Function],
  "findAllByDisplayValue": [Function],
  "findAllByLabelText": [Function],
  "findAllByPlaceholderText": [Function],
  "findAllByRole": [Function],
  "findAllByTestId": [Function],
  "findAllByText": [Function],
  "findAllByTitle": [Function],
  "findByAltText": [Function],
  "findByDisplayValue": [Function],
  "findByLabelText": [Function],
  "findByPlaceholderText": [Function],
  "findByRole": [Function],
  "findByTestId": [Function],
  "findByText": [Function],
  "findByTitle": [Function],
  "getAllByAltText": [Function],
  "getAllByDisplayValue": [Function],
  "getAllByLabelText": [Function],
  "getAllByPlaceholderText": [Function],
  "getAllByRole": [Function],
  "getAllByTestId": [Function],
  "getAllByText": [Function],
  "getAllByTitle": [Function],
  "getByAltText": [Function],
  "getByDisplayValue": [Function],
  "getByLabelText": [Function],
  "getByPlaceholderText": [Function],
  "getByRole": [Function],
  "getByTestId": [Function],
  "getByText": [Function],
  "getByTitle": [Function],
  "queryAllByAltText": [Function],
  "queryAllByDisplayValue": [Function],
  "queryAllByLabelText": [Function],
  "queryAllByPlaceholderText": [Function],
  "queryAllByRole": [Function],
  "queryAllByTestId": [Function],
  "queryAllByText": [Function],
  "queryAllByTitle": [Function],
  "queryByAltText": [Function],
  "queryByDisplayValue": [Function],
  "queryByLabelText": [Function],
  "queryByPlaceholderText": [Function],
  "queryByRole": [Function],
  "queryByTestId": [Function],
  "queryByText": [Function],
  "queryByTitle": [Function],
  "rerender": [Function],
  "unmount": [Function],
}
`;
