// Jest Snapshot v1, https://goo.gl/fbAQLP

exports[`FooterContacts\` component renders FooterContacts component 1`] = `
Object {
  "asFragment": [Function],
  "baseElement": <body>
    <div>
      <div
        class="contacts"
      >
        <div
          class="contacts__wrap"
        >
          <h2
            class="contacts__title"
          >
            контакти
          </h2>
          <div
            class="contacts__phoneBox"
          >
            <img
              alt="icon-phone.svg"
              class="contacts__img"
              src="./img/icon-phone.svg"
            />
            <a
              class="contacts__link"
              href="tel:+380630494002"
            >
              +380 (63)-049-40-02
            </a>
            <a
              class="contacts__link"
              href="tel:+380671597373"
            >
              +380 (67)-159-73-73
            </a>
          </div>
          <div
            class="contacts__adressBox"
          >
            <img
              alt="icon-adress.svg"
              class="contacts__img"
              src="./img/icon-adress.svg"
            />
            <a
              class="contacts__link"
              href="https://goo.gl/maps/uXTuc6J6nSarrwsW7"
              target="blank"
            >
              <address
                class="contacts__desc"
              >
                м. Харків, вул.Космічна, буд. 21, оф. 529
              </address>
            </a>
          </div>
        </div>
      </div>
    </div>
  </body>,
  "container": <div>
    <div
      class="contacts"
    >
      <div
        class="contacts__wrap"
      >
        <h2
          class="contacts__title"
        >
          контакти
        </h2>
        <div
          class="contacts__phoneBox"
        >
          <img
            alt="icon-phone.svg"
            class="contacts__img"
            src="./img/icon-phone.svg"
          />
          <a
            class="contacts__link"
            href="tel:+380630494002"
          >
            +380 (63)-049-40-02
          </a>
          <a
            class="contacts__link"
            href="tel:+380671597373"
          >
            +380 (67)-159-73-73
          </a>
        </div>
        <div
          class="contacts__adressBox"
        >
          <img
            alt="icon-adress.svg"
            class="contacts__img"
            src="./img/icon-adress.svg"
          />
          <a
            class="contacts__link"
            href="https://goo.gl/maps/uXTuc6J6nSarrwsW7"
            target="blank"
          >
            <address
              class="contacts__desc"
            >
              м. Харків, вул.Космічна, буд. 21, оф. 529
            </address>
          </a>
        </div>
      </div>
    </div>
  </div>,
  "debug": [Function],
  "findAllByAltText": [Function],
  "findAllByDisplayValue": [Function],
  "findAllByLabelText": [Function],
  "findAllByPlaceholderText": [Function],
  "findAllByRole": [Function],
  "findAllByTestId": [Function],
  "findAllByText": [Function],
  "findAllByTitle": [Function],
  "findByAltText": [Function],
  "findByDisplayValue": [Function],
  "findByLabelText": [Function],
  "findByPlaceholderText": [Function],
  "findByRole": [Function],
  "findByTestId": [Function],
  "findByText": [Function],
  "findByTitle": [Function],
  "getAllByAltText": [Function],
  "getAllByDisplayValue": [Function],
  "getAllByLabelText": [Function],
  "getAllByPlaceholderText": [Function],
  "getAllByRole": [Function],
  "getAllByTestId": [Function],
  "getAllByText": [Function],
  "getAllByTitle": [Function],
  "getByAltText": [Function],
  "getByDisplayValue": [Function],
  "getByLabelText": [Function],
  "getByPlaceholderText": [Function],
  "getByRole": [Function],
  "getByTestId": [Function],
  "getByText": [Function],
  "getByTitle": [Function],
  "queryAllByAltText": [Function],
  "queryAllByDisplayValue": [Function],
  "queryAllByLabelText": [Function],
  "queryAllByPlaceholderText": [Function],
  "queryAllByRole": [Function],
  "queryAllByTestId": [Function],
  "queryAllByText": [Function],
  "queryAllByTitle": [Function],
  "queryByAltText": [Function],
  "queryByDisplayValue": [Function],
  "queryByLabelText": [Function],
  "queryByPlaceholderText": [Function],
  "queryByRole": [Function],
  "queryByTestId": [Function],
  "queryByText": [Function],
  "queryByTitle": [Function],
  "rerender": [Function],
  "unmount": [Function],
}
`;
