// Jest Snapshot v1, https://goo.gl/fbAQLP

exports[`Header\` component renders Header component 1`] = `
Object {
  "asFragment": [Function],
  "baseElement": <body>
    <div>
      <header
        class="header"
      >
        <div
          class="header__wrap"
        >
          <a
            class="logoMain"
            href="/"
          >
            <img
              alt="ukraine-flag.png"
              src="./img/logo-main.svg"
            />
          </a>
          <div
            class="header__menuWrap"
          >
            <div
              class="burger"
              data-testid="burger"
            >
              <span
                class="burger__line"
                data-testid="burger-line"
              />
              <span
                class="burger__line"
                data-testid="burger-line"
              />
              <span
                class="burger__line"
                data-testid="burger-line"
              />
            </div>
            <nav
              class="menu"
            >
              <ul
                class="menu__list"
              />
            </nav>
            <div
              class="langWrap"
            >
              <a
                class="langWrap__link langWrap__link_active"
                href="#"
              >
                UA
              </a>
              <a
                class="langWrap__link"
                href="#"
              >
                EN
              </a>
            </div>
          </div>
        </div>
      </header>
    </div>
  </body>,
  "container": <div>
    <header
      class="header"
    >
      <div
        class="header__wrap"
      >
        <a
          class="logoMain"
          href="/"
        >
          <img
            alt="ukraine-flag.png"
            src="./img/logo-main.svg"
          />
        </a>
        <div
          class="header__menuWrap"
        >
          <div
            class="burger"
            data-testid="burger"
          >
            <span
              class="burger__line"
              data-testid="burger-line"
            />
            <span
              class="burger__line"
              data-testid="burger-line"
            />
            <span
              class="burger__line"
              data-testid="burger-line"
            />
          </div>
          <nav
            class="menu"
          >
            <ul
              class="menu__list"
            />
          </nav>
          <div
            class="langWrap"
          >
            <a
              class="langWrap__link langWrap__link_active"
              href="#"
            >
              UA
            </a>
            <a
              class="langWrap__link"
              href="#"
            >
              EN
            </a>
          </div>
        </div>
      </div>
    </header>
  </div>,
  "debug": [Function],
  "findAllByAltText": [Function],
  "findAllByDisplayValue": [Function],
  "findAllByLabelText": [Function],
  "findAllByPlaceholderText": [Function],
  "findAllByRole": [Function],
  "findAllByTestId": [Function],
  "findAllByText": [Function],
  "findAllByTitle": [Function],
  "findByAltText": [Function],
  "findByDisplayValue": [Function],
  "findByLabelText": [Function],
  "findByPlaceholderText": [Function],
  "findByRole": [Function],
  "findByTestId": [Function],
  "findByText": [Function],
  "findByTitle": [Function],
  "getAllByAltText": [Function],
  "getAllByDisplayValue": [Function],
  "getAllByLabelText": [Function],
  "getAllByPlaceholderText": [Function],
  "getAllByRole": [Function],
  "getAllByTestId": [Function],
  "getAllByText": [Function],
  "getAllByTitle": [Function],
  "getByAltText": [Function],
  "getByDisplayValue": [Function],
  "getByLabelText": [Function],
  "getByPlaceholderText": [Function],
  "getByRole": [Function],
  "getByTestId": [Function],
  "getByText": [Function],
  "getByTitle": [Function],
  "queryAllByAltText": [Function],
  "queryAllByDisplayValue": [Function],
  "queryAllByLabelText": [Function],
  "queryAllByPlaceholderText": [Function],
  "queryAllByRole": [Function],
  "queryAllByTestId": [Function],
  "queryAllByText": [Function],
  "queryAllByTitle": [Function],
  "queryByAltText": [Function],
  "queryByDisplayValue": [Function],
  "queryByLabelText": [Function],
  "queryByPlaceholderText": [Function],
  "queryByRole": [Function],
  "queryByTestId": [Function],
  "queryByText": [Function],
  "queryByTitle": [Function],
  "rerender": [Function],
  "unmount": [Function],
}
`;
