// Jest Snapshot v1, https://goo.gl/fbAQLP

exports[`Form\` component renders Form component 1`] = `
Object {
  "asFragment": [Function],
  "baseElement": <body>
    <div>
      <div
        class="form"
      >
        <div
          class="form__wrap"
        >
          <div
            class="form__imgWrap"
          >
            <img
              alt=""
              class="form__img"
              src="./img/form-photo.jpg"
            />
          </div>
          <form
            class="form__inner"
          >
            <h2
              class="form__title"
            >
              зв'яжіться з нами
            </h2>
            <p
              class="form__desc"
            >
              Форма зворотнього зв'язку
            </p>
            <label
              class="form__inputTitle"
              for="name"
            >
              Імʼя
            </label>
            <input
              class="form__input"
              id="name"
              name="name"
              required=""
              type="text"
              value=""
            />
            <label
              class="form__inputTitle"
              for="email"
            >
              Email
            </label>
            <input
              class="form__input"
              id="email"
              name="email"
              pattern="^[a-z0-9._%+-]+@[a-z0-9.-]+\\\\.[a-z]{2,4}$"
              required=""
              type="email"
              value=""
            />
            <label
              class="form__inputTitle"
              for="area"
            >
              Коментар
            </label>
            <textarea
              class="form__textArea"
              id="textarea"
              name="textarea"
              required=""
            />
            <div
              class="form__btnWrap"
            >
              <p
                class="form__text"
              >
                Відправляючи форму, я приймаю
                <a
                  class="form__link"
                  href="/user-condition"
                >
                  умови угоди користувача
                </a>
              </p>
              <button
                class="btn"
                type="submit"
              >
                надіслати
              </button>
            </div>
          </form>
        </div>
      </div>
    </div>
  </body>,
  "container": <div>
    <div
      class="form"
    >
      <div
        class="form__wrap"
      >
        <div
          class="form__imgWrap"
        >
          <img
            alt=""
            class="form__img"
            src="./img/form-photo.jpg"
          />
        </div>
        <form
          class="form__inner"
        >
          <h2
            class="form__title"
          >
            зв'яжіться з нами
          </h2>
          <p
            class="form__desc"
          >
            Форма зворотнього зв'язку
          </p>
          <label
            class="form__inputTitle"
            for="name"
          >
            Імʼя
          </label>
          <input
            class="form__input"
            id="name"
            name="name"
            required=""
            type="text"
            value=""
          />
          <label
            class="form__inputTitle"
            for="email"
          >
            Email
          </label>
          <input
            class="form__input"
            id="email"
            name="email"
            pattern="^[a-z0-9._%+-]+@[a-z0-9.-]+\\\\.[a-z]{2,4}$"
            required=""
            type="email"
            value=""
          />
          <label
            class="form__inputTitle"
            for="area"
          >
            Коментар
          </label>
          <textarea
            class="form__textArea"
            id="textarea"
            name="textarea"
            required=""
          />
          <div
            class="form__btnWrap"
          >
            <p
              class="form__text"
            >
              Відправляючи форму, я приймаю
              <a
                class="form__link"
                href="/user-condition"
              >
                умови угоди користувача
              </a>
            </p>
            <button
              class="btn"
              type="submit"
            >
              надіслати
            </button>
          </div>
        </form>
      </div>
    </div>
  </div>,
  "debug": [Function],
  "findAllByAltText": [Function],
  "findAllByDisplayValue": [Function],
  "findAllByLabelText": [Function],
  "findAllByPlaceholderText": [Function],
  "findAllByRole": [Function],
  "findAllByTestId": [Function],
  "findAllByText": [Function],
  "findAllByTitle": [Function],
  "findByAltText": [Function],
  "findByDisplayValue": [Function],
  "findByLabelText": [Function],
  "findByPlaceholderText": [Function],
  "findByRole": [Function],
  "findByTestId": [Function],
  "findByText": [Function],
  "findByTitle": [Function],
  "getAllByAltText": [Function],
  "getAllByDisplayValue": [Function],
  "getAllByLabelText": [Function],
  "getAllByPlaceholderText": [Function],
  "getAllByRole": [Function],
  "getAllByTestId": [Function],
  "getAllByText": [Function],
  "getAllByTitle": [Function],
  "getByAltText": [Function],
  "getByDisplayValue": [Function],
  "getByLabelText": [Function],
  "getByPlaceholderText": [Function],
  "getByRole": [Function],
  "getByTestId": [Function],
  "getByText": [Function],
  "getByTitle": [Function],
  "queryAllByAltText": [Function],
  "queryAllByDisplayValue": [Function],
  "queryAllByLabelText": [Function],
  "queryAllByPlaceholderText": [Function],
  "queryAllByRole": [Function],
  "queryAllByTestId": [Function],
  "queryAllByText": [Function],
  "queryAllByTitle": [Function],
  "queryByAltText": [Function],
  "queryByDisplayValue": [Function],
  "queryByLabelText": [Function],
  "queryByPlaceholderText": [Function],
  "queryByRole": [Function],
  "queryByTestId": [Function],
  "queryByText": [Function],
  "queryByTitle": [Function],
  "rerender": [Function],
  "unmount": [Function],
}
`;
