// Jest Snapshot v1, https://goo.gl/fbAQLP

exports[`App renders app component 1`] = `
Object {
  "asFragment": [Function],
  "baseElement": <body>
    <div>
      <header
        class="header layout"
      >
        <div
          class="header__wrap"
        >
          <div
            class="logoMain"
          >
            <img
              alt="ukraine-flag.png"
              class="logoMain__img"
              src="logo-main.svg"
            />
          </div>
          <div
            class="header__menuWrap"
          >
            <div
              class="burger"
            >
              <span
                class="burger__line"
              />
              <span
                class="burger__line"
              />
              <span
                class="burger__line"
              />
            </div>
            <nav
              class="menu"
            >
              <ul
                class="menu__list"
              >
                <li
                  class="menu__item"
                >
                  <a
                    class="menu__link"
                    href="/about"
                  >
                    Про нас
                  </a>
                </li>
                <li
                  class="menu__item"
                >
                  <a
                    class="menu__link"
                    href="/news"
                  >
                    Новини
                  </a>
                </li>
                <li
                  class="menu__item"
                >
                  <a
                    class="menu__link"
                    href="/get-help"
                  >
                    Отримати допомогу
                  </a>
                </li>
                <li
                  class="menu__item"
                >
                  <a
                    class="menu__link"
                    href="/help"
                  >
                    Допомогти
                  </a>
                </li>
                <li
                  class="menu__item"
                >
                  <a
                    class="menu__link"
                    href="/contacts"
                  >
                    Контакти
                  </a>
                </li>
              </ul>
            </nav>
            <div
              class="langWrap"
            >
              <a
                class="langWrap__link langWrap__link_active"
                href="/"
              >
                UA
              </a>
              <a
                class="langWrap__link"
                href="/"
              >
                EN
              </a>
            </div>
          </div>
        </div>
      </header>
    </div>
  </body>,
  "container": <div>
    <header
      class="header layout"
    >
      <div
        class="header__wrap"
      >
        <div
          class="logoMain"
        >
          <img
            alt="ukraine-flag.png"
            class="logoMain__img"
            src="logo-main.svg"
          />
        </div>
        <div
          class="header__menuWrap"
        >
          <div
            class="burger"
          >
            <span
              class="burger__line"
            />
            <span
              class="burger__line"
            />
            <span
              class="burger__line"
            />
          </div>
          <nav
            class="menu"
          >
            <ul
              class="menu__list"
            >
              <li
                class="menu__item"
              >
                <a
                  class="menu__link"
                  href="/about"
                >
                  Про нас
                </a>
              </li>
              <li
                class="menu__item"
              >
                <a
                  class="menu__link"
                  href="/news"
                >
                  Новини
                </a>
              </li>
              <li
                class="menu__item"
              >
                <a
                  class="menu__link"
                  href="/get-help"
                >
                  Отримати допомогу
                </a>
              </li>
              <li
                class="menu__item"
              >
                <a
                  class="menu__link"
                  href="/help"
                >
                  Допомогти
                </a>
              </li>
              <li
                class="menu__item"
              >
                <a
                  class="menu__link"
                  href="/contacts"
                >
                  Контакти
                </a>
              </li>
            </ul>
          </nav>
          <div
            class="langWrap"
          >
            <a
              class="langWrap__link langWrap__link_active"
              href="/"
            >
              UA
            </a>
            <a
              class="langWrap__link"
              href="/"
            >
              EN
            </a>
          </div>
        </div>
      </div>
    </header>
  </div>,
  "debug": [Function],
  "findAllByAltText": [Function],
  "findAllByDisplayValue": [Function],
  "findAllByLabelText": [Function],
  "findAllByPlaceholderText": [Function],
  "findAllByRole": [Function],
  "findAllByTestId": [Function],
  "findAllByText": [Function],
  "findAllByTitle": [Function],
  "findByAltText": [Function],
  "findByDisplayValue": [Function],
  "findByLabelText": [Function],
  "findByPlaceholderText": [Function],
  "findByRole": [Function],
  "findByTestId": [Function],
  "findByText": [Function],
  "findByTitle": [Function],
  "getAllByAltText": [Function],
  "getAllByDisplayValue": [Function],
  "getAllByLabelText": [Function],
  "getAllByPlaceholderText": [Function],
  "getAllByRole": [Function],
  "getAllByTestId": [Function],
  "getAllByText": [Function],
  "getAllByTitle": [Function],
  "getByAltText": [Function],
  "getByDisplayValue": [Function],
  "getByLabelText": [Function],
  "getByPlaceholderText": [Function],
  "getByRole": [Function],
  "getByTestId": [Function],
  "getByText": [Function],
  "getByTitle": [Function],
  "queryAllByAltText": [Function],
  "queryAllByDisplayValue": [Function],
  "queryAllByLabelText": [Function],
  "queryAllByPlaceholderText": [Function],
  "queryAllByRole": [Function],
  "queryAllByTestId": [Function],
  "queryAllByText": [Function],
  "queryAllByTitle": [Function],
  "queryByAltText": [Function],
  "queryByDisplayValue": [Function],
  "queryByLabelText": [Function],
  "queryByPlaceholderText": [Function],
  "queryByRole": [Function],
  "queryByTestId": [Function],
  "queryByText": [Function],
  "queryByTitle": [Function],
  "rerender": [Function],
  "unmount": [Function],
}
`;
